%!Adobe-FontList 1.25
%Locale:0x809

%BeginFont
Handler:DirectoryHandler
FontType:Type1
FontName:MinionPro-Regular
FamilyName:Minion Pro
StyleName:Regular
FullName:Minion Pro
MenuName:Minion Pro
StyleBits:0
WritingScript:Roman
OutlineFileName:C:\Users\aales\Desktop\tutto\Booklet_focuswork_TODAY1806 Folder\Document fonts\MinionPro-Regular.otf
DataFormat:sfntData
UsesStandardEncoding:yes
isCFF:yes
hasSVG:no
hasCOLR:no
VariableFontType:NonVariableFont
FileLength:218640
FileModTime:1781253895
WeightClass:400
WidthClass:5
AngleClass:0
DesignSize:110
NameArray:0,Mac,4,Minion Pro
NameArray:0,Win,1,Minion Pro
%EndFont

%BeginFont
Handler:DirectoryHandler
FontType:TrueType
FontName:RobotoCondensed-Light
FamilyName:Roboto Condensed
StyleName:Light
FullName:Roboto Condensed Light
MenuName:Roboto Condensed Light
StyleBits:0
WritingScript:Roman
OutlineFileName:C:\Users\aales\Desktop\tutto\Booklet_focuswork_TODAY1806 Folder\Document fonts\Roboto_Condensed-Light.ttf
DataFormat:sfntData
hasSVG:no
hasCOLR:no
VariableFontType:NonVariableFont
FileLength:145952
FileModTime:1781253895
WeightClass:300
WidthClass:3
AngleClass:0
NameArray:0,Win,1,Roboto Condensed Light
NameArray:0,Win,16,Roboto Condensed
%EndFont

%BeginFont
Handler:DirectoryHandler
FontType:TrueType
FontName:RobotoCondensed-LightItalic
FamilyName:Roboto Condensed
StyleName:Light Italic
FullName:Roboto Condensed Light Italic
MenuName:Roboto Condensed Light
StyleBits:1
WritingScript:Roman
OutlineFileName:C:\Users\aales\Desktop\tutto\Booklet_focuswork_TODAY1806 Folder\Document fonts\Roboto_Condensed-LightItalic.ttf
DataFormat:sfntData
hasSVG:no
hasCOLR:no
VariableFontType:NonVariableFont
FileLength:152392
FileModTime:1764616524
WeightClass:300
WidthClass:3
AngleClass:0
NameArray:0,Win,1,Roboto Condensed Light
NameArray:0,Win,16,Roboto Condensed
%EndFont

%BeginFont
Handler:DirectoryHandler
FontType:TrueType
FontName:RobotoCondensed-Medium
FamilyName:Roboto Condensed
StyleName:Medium
FullName:Roboto Condensed Medium
MenuName:Roboto Condensed Medium
StyleBits:0
WritingScript:Roman
OutlineFileName:C:\Users\aales\Desktop\tutto\Booklet_focuswork_TODAY1806 Folder\Document fonts\Roboto_Condensed-Medium.ttf
DataFormat:sfntData
hasSVG:no
hasCOLR:no
VariableFontType:NonVariableFont
FileLength:145916
FileModTime:1781253895
WeightClass:500
WidthClass:3
AngleClass:0
NameArray:0,Win,1,Roboto Condensed Medium
NameArray:0,Win,16,Roboto Condensed
%EndFont

%BeginFont
Handler:DirectoryHandler
FontType:TrueType
FontName:RobotoCondensed-Regular
FamilyName:Roboto Condensed
StyleName:Regular
FullName:Roboto Condensed Regular
MenuName:Roboto Condensed
StyleBits:0
WritingScript:Roman
OutlineFileName:C:\Users\aales\Desktop\tutto\Booklet_focuswork_TODAY1806 Folder\Document fonts\Roboto_Condensed-Regular.ttf
DataFormat:sfntData
hasSVG:no
hasCOLR:no
VariableFontType:NonVariableFont
FileLength:145908
FileModTime:1781253895
WeightClass:400
WidthClass:3
AngleClass:0
NameArray:0,Win,1,Roboto Condensed
NameArray:0,Win,16,Roboto Condensed
%EndFont

%BeginFont
Handler:DirectoryHandler
FontType:TrueType
FontName:RobotoCondensed-SemiBold
FamilyName:Roboto Condensed
StyleName:SemiBold
FullName:Roboto Condensed SemiBold
MenuName:Roboto Condensed SemiBold
StyleBits:0
WritingScript:Roman
OutlineFileName:C:\Users\aales\Desktop\tutto\Booklet_focuswork_TODAY1806 Folder\Document fonts\Roboto_Condensed-SemiBold.ttf
DataFormat:sfntData
hasSVG:no
hasCOLR:no
VariableFontType:NonVariableFont
FileLength:146516
FileModTime:1764616524
WeightClass:600
WidthClass:3
AngleClass:0
NameArray:0,Win,1,Roboto Condensed SemiBold
NameArray:0,Win,16,Roboto Condensed
%EndFont

%BeginFont
Handler:DirectoryHandler
FontType:TrueType
FontName:RobotoCondensed-Thin
FamilyName:Roboto Condensed
StyleName:Thin
FullName:Roboto Condensed Thin
MenuName:Roboto Condensed Thin
StyleBits:0
WritingScript:Roman
OutlineFileName:C:\Users\aales\Desktop\tutto\Booklet_focuswork_TODAY1806 Folder\Document fonts\Roboto_Condensed-Thin.ttf
DataFormat:sfntData
hasSVG:no
hasCOLR:no
VariableFontType:NonVariableFont
FileLength:145920
FileModTime:1781253895
WeightClass:250
WidthClass:3
AngleClass:0
NameArray:0,Win,1,Roboto Condensed Thin
NameArray:0,Win,16,Roboto Condensed
%EndFont

%BeginFont
Handler:DirectoryHandler
FontType:TrueType
FontName:ISOCP2
FamilyName:ISOCP2
StyleName:Regular
FullName:ISOCP2
MenuName:ISOCP2
StyleBits:0
WritingScript:Roman
OutlineFileName:C:\Users\aales\Desktop\tutto\Booklet_focuswork_TODAY1806 Folder\Document fonts\isocp2__.ttf
DataFormat:sfntData
hasSVG:no
hasCOLR:no
VariableFontType:NonVariableFont
FileLength:37828
FileModTime:1756896578
WeightClass:400
WidthClass:5
AngleClass:0
NameArray:0,Mac,4,ISOCP2
NameArray:0,Win,1,ISOCP2
NameArray:0,Win,16,ISOCP2
%EndFont

%BeginFont
Handler:DirectoryHandler
FontType:TrueType
FontName:ISOCPEUR
FamilyName:ISOCPEUR
StyleName:Regular
FullName:ISOCPEUR
MenuName:ISOCPEUR
StyleBits:0
WritingScript:Roman
OutlineFileName:C:\Users\aales\Desktop\tutto\Booklet_focuswork_TODAY1806 Folder\Document fonts\isocpeur.ttf
DataFormat:sfntData
hasSVG:no
hasCOLR:no
VariableFontType:NonVariableFont
FileLength:140516
FileModTime:1756896578
WeightClass:400
WidthClass:5
AngleClass:0
NameArray:0,Mac,4,ISOCPEUR
NameArray:0,Win,1,ISOCPEUR
%EndFont

%BeginFont
Handler:DirectoryHandler
FontType:TrueType
FontName:ISOCTEUR
FamilyName:ISOCTEUR
StyleName:Regular
FullName:ISOCTEUR
MenuName:ISOCTEUR
StyleBits:0
WritingScript:Roman
OutlineFileName:C:\Users\aales\Desktop\tutto\Booklet_focuswork_TODAY1806 Folder\Document fonts\isocteur.ttf
DataFormat:sfntData
hasSVG:no
hasCOLR:no
VariableFontType:NonVariableFont
FileLength:139712
FileModTime:1756896578
WeightClass:400
WidthClass:5
AngleClass:0
NameArray:0,Mac,4,ISOCTEUR
NameArray:0,Win,1,ISOCTEUR
%EndFont

