%!Adobe-FontList 1.25
%Locale:0x809

%BeginFont
Handler:DirectoryHandler
FontType:TrueType
FontName:IBMPlexMono-ExtraLight
FamilyName:IBM Plex Mono
StyleName:ExtraLight
FullName:IBM Plex Mono ExtraLight
MenuName:IBM Plex Mono ExtraLight
StyleBits:0
WritingScript:Roman
OutlineFileName:C:\Users\aales\Desktop\Plaquette_A5 Folder\Document fonts\IBMPlexMono-ExtraLight.ttf
DataFormat:sfntData
hasSVG:no
hasCOLR:no
VariableFontType:NonVariableFont
FileLength:134236
FileModTime:1781880786
WeightClass:200
WidthClass:5
AngleClass:0
NameArray:0,Win,1,IBM Plex Mono ExtraLight
NameArray:0,Win,16,IBM Plex Mono
%EndFont

%BeginFont
Handler:DirectoryHandler
FontType:TrueType
FontName:IBMPlexMono-Light
FamilyName:IBM Plex Mono
StyleName:Light
FullName:IBM Plex Mono Light
MenuName:IBM Plex Mono Light
StyleBits:0
WritingScript:Roman
OutlineFileName:C:\Users\aales\Desktop\Plaquette_A5 Folder\Document fonts\IBMPlexMono-Light.ttf
DataFormat:sfntData
hasSVG:no
hasCOLR:no
VariableFontType:NonVariableFont
FileLength:133468
FileModTime:1781880811
WeightClass:300
WidthClass:5
AngleClass:0
NameArray:0,Win,1,IBM Plex Mono Light
NameArray:0,Win,16,IBM Plex Mono
%EndFont

%BeginFont
Handler:DirectoryHandler
FontType:TrueType
FontName:IBMPlexMono-Medium
FamilyName:IBM Plex Mono
StyleName:Medium
FullName:IBM Plex Mono Medium
MenuName:IBM Plex Mono Medium
StyleBits:0
WritingScript:Roman
OutlineFileName:C:\Users\aales\Desktop\Plaquette_A5 Folder\Document fonts\IBMPlexMono-Medium.ttf
DataFormat:sfntData
hasSVG:no
hasCOLR:no
VariableFontType:NonVariableFont
FileLength:134956
FileModTime:1781880827
WeightClass:500
WidthClass:5
AngleClass:0
NameArray:0,Win,1,IBM Plex Mono Medium
NameArray:0,Win,16,IBM Plex Mono
%EndFont

%BeginFont
Handler:DirectoryHandler
FontType:TrueType
FontName:IBMPlexMono-Regular
FamilyName:IBM Plex Mono
StyleName:Regular
FullName:IBM Plex Mono Regular
MenuName:IBM Plex Mono
StyleBits:0
WritingScript:Roman
OutlineFileName:C:\Users\aales\Desktop\Plaquette_A5 Folder\Document fonts\IBMPlexMono-Regular.ttf
DataFormat:sfntData
hasSVG:no
hasCOLR:no
VariableFontType:NonVariableFont
FileLength:133796
FileModTime:1781880852
WeightClass:400
WidthClass:5
AngleClass:0
NameArray:0,Win,1,IBM Plex Mono
%EndFont

%BeginFont
Handler:DirectoryHandler
FontType:TrueType
FontName:RobotoCondensed-Light
FamilyName:Roboto Condensed
StyleName:Light
FullName:Roboto Condensed Light
MenuName:Roboto Condensed Light
StyleBits:0
WritingScript:Roman
OutlineFileName:C:\Users\aales\Desktop\Plaquette_A5 Folder\Document fonts\Roboto_Condensed-Light.ttf
DataFormat:sfntData
hasSVG:no
hasCOLR:no
VariableFontType:NonVariableFont
FileLength:145952
FileModTime:1764616524
WeightClass:300
WidthClass:3
AngleClass:0
NameArray:0,Win,1,Roboto Condensed Light
NameArray:0,Win,16,Roboto Condensed
%EndFont

%BeginFont
Handler:DirectoryHandler
FontType:TrueType
FontName:ISOCP2
FamilyName:ISOCP2
StyleName:Regular
FullName:ISOCP2
MenuName:ISOCP2
StyleBits:0
WritingScript:Roman
OutlineFileName:C:\Users\aales\Desktop\Plaquette_A5 Folder\Document fonts\isocp2__.ttf
DataFormat:sfntData
hasSVG:no
hasCOLR:no
VariableFontType:NonVariableFont
FileLength:37828
FileModTime:1756896578
WeightClass:400
WidthClass:5
AngleClass:0
NameArray:0,Mac,4,ISOCP2
NameArray:0,Win,1,ISOCP2
NameArray:0,Win,16,ISOCP2
%EndFont

%BeginFont
Handler:DirectoryHandler
FontType:TrueType
FontName:ISOCPEUR
FamilyName:ISOCPEUR
StyleName:Regular
FullName:ISOCPEUR
MenuName:ISOCPEUR
StyleBits:0
WritingScript:Roman
OutlineFileName:C:\Users\aales\Desktop\Plaquette_A5 Folder\Document fonts\isocpeur.ttf
DataFormat:sfntData
hasSVG:no
hasCOLR:no
VariableFontType:NonVariableFont
FileLength:140516
FileModTime:1756896578
WeightClass:400
WidthClass:5
AngleClass:0
NameArray:0,Mac,4,ISOCPEUR
NameArray:0,Win,1,ISOCPEUR
%EndFont

